// Jest Snapshot v1, https://goo.gl/fbAQLP

exports[`<Box /> rendering blue box renders correctly 1`] = `ShallowWrapper {}`;
