// Jest Snapshot v1, https://goo.gl/fbAQLP

exports[`matches snapshot 1`] = `
<div>
  <NewBoxForm
    addBox={[Function]}
  />
  <div />
</div>
`;
